[data] years 1999-2022 | zeros treated as missing: 263
[cfg] gcn graph=geo weather=1 single=0 K=3 horizons=[1, 2, 3] tag=horizons
h=1 2010 done
h=1 2011 done
h=1 2012 done
h=1 2013 done
h=1 2014 done
h=1 2015 done
h=1 2016 done
h=1 2017 done
h=1 2018 done
h=1 2019 done
h=1 2020 done
h=1 2021 done
h=1 2022 done

=== horizon 1 year(s) ahead | MEAN over 13 folds ===
mae_model    4184.813
mae_last     4265.784
mae_avg2     5134.835
log_model       0.828
log_last        0.846
log_avg2        0.890
mae_model minus persistence: mean -80.971 CI [-331.202, 195.767] folds better 7/13
log_model minus persistence: mean -0.018 CI [-0.061, 0.025] folds better 9/13
h=2 2010 done
h=2 2011 done
h=2 2012 done
h=2 2013 done
h=2 2014 done
h=2 2015 done
h=2 2016 done
h=2 2017 done
h=2 2018 done
h=2 2019 done
h=2 2020 done
h=2 2021 done
h=2 2022 done

=== horizon 2 year(s) ahead | MEAN over 13 folds ===
mae_model    7004.446
mae_last     6849.143
mae_avg2     7383.734
log_model       1.127
log_last        1.093
log_avg2        1.089
mae_model minus persistence: mean 155.302 CI [-413.714, 802.093] folds better 8/13
log_model minus persistence: mean 0.034 CI [-0.009, 0.090] folds better 6/13
h=3 2010 done
h=3 2011 done
h=3 2012 done
h=3 2013 done
h=3 2014 done
h=3 2015 done
h=3 2016 done
h=3 2017 done
h=3 2018 done
h=3 2019 done
h=3 2020 done
h=3 2021 done
h=3 2022 done

=== horizon 3 year(s) ahead | MEAN over 13 folds ===
mae_model    9845.553
mae_last     8813.140
mae_avg2     9786.048
log_model       1.259
log_last        1.240
log_avg2        1.271
mae_model minus persistence: mean 1032.414 CI [300.329, 1775.205] folds better 4/13
log_model minus persistence: mean 0.018 CI [-0.017, 0.055] folds better 6/13
